delta-sat with delta = 0.0009999999999999998 ( > 2305843009213693/2305843009213693952)
delta-sat with delta = 5e-324 ( > 0)
delta-sat with delta = 5e-324 ( > 0)
