delta-sat with delta = 0.0009999999999999998 ( > 2305843009213693/2305843009213693952)
(model
  (define-fun a () Real 5)
  (define-fun b () Real 0)
)
