delta-sat with delta = 0.001
(model
  (define-fun x () Real 10)
  (define-fun y () Real -10)
)
